[38;5;112m[Appium][0m Welcome to Appium v3.2.2 (REV 4d14be89e99a45181c18e96a5f19a5b43343cc0f)
[38;5;112m[Appium][0m Non-default server args:
[38;5;112m[Appium][0m { basePath: [32m'/wd/hub'[39m, loglevel: [32m'info'[39m, port: [33m52653[39m }
[38;5;112m[Appium][0m Attempting to load driver uiautomator2...
[38;5;112m[Appium][0m Appium REST http interface listener started on http://0.0.0.0:52653/wd/hub
[38;5;112m[Appium][0m You can provide the following URLs in your client code to connect to this server:
	http://127.0.0.1:52653/wd/hub (only accessible from the same host)
	http://192.168.137.3:52653/wd/hub
	http://100.64.0.1:52653/wd/hub
[38;5;112m[Appium][0m Available drivers:
[38;5;112m[Appium][0m   - uiautomator2@8.5.0 (automationName 'UiAutomator2')
[38;5;112m[Appium][0m No plugins have been installed. Use the "appium plugin" command to install the one(s) you want to use.
[38;5;86m[HTTP][0m [37m-->[39m [37mGET[39m [37m/wd/hub/status[39m [90m[39m
[38;5;86m[HTTP][0m [37m<-- GET /wd/hub/status [39m[32m200[39m [90m2 ms - 199[39m
[38;5;86m[HTTP][0m [37m-->[39m [37mGET[39m [37m/wd/hub/status[39m [90m[39m
[38;5;86m[HTTP][0m [37m<-- GET /wd/hub/status [39m[32m200[39m [90m0 ms - 199[39m
[38;5;86m[HTTP][0m [37m-->[39m [37mGET[39m [37m/wd/hub/status[39m [90m[39m
[38;5;86m[HTTP][0m [37m<-- GET /wd/hub/status [39m[32m200[39m [90m0 ms - 199[39m
[38;5;86m[HTTP][0m [37m-->[39m [37mPOST[39m [37m/wd/hub/session[39m [90m{"capabilities":{"firstMatch":[{"appium:appActivity":".MainActivity","appium:appPackage":"id.bions.bnis.android.new_bions_revamp","appium:appWaitDuration":90000,"appium:autoGrantPermissions":true,"appium:automationName":"UiAutomator2","appium:deviceId":"c965b1b0","appium:deviceName":"Xiaomi 2312DRA50G (Android 16)","appium:ignoreHiddenApiPolicyError":true,"appium:mjpegServerPort":52667,"appium:newCommandTimeout":1800,"appium:noReset":true,"appium:platformVersion":"16","appium:remoteServerURL":"http://192.168.46.114:4723","appium:systemPort":8290,"appium:udid":"c965b1b0","appium:uiautomator2ServerInstallTimeout":0,"appium:uiautomator2ServerLaunchTimeout":20000,"platformName":"ANDROID"}]},"desiredCapabilities":{"appium:appActivity":".MainActivity","appium:appPackage":"id.bions.bnis.android.new_bions_revamp","appium:appWaitDuration":90000,"appium:autoGrantPermissions":true,"appium:automationName":"UiAutomator2","appium:deviceId":"c965b1b0","appium:deviceName":"Xiaomi 2312DRA50G (Android 16)","appium:ignoreHid...[39m
[38;5;123m[BaseDriver][0m The following arguments are not known and will be ignored: desiredCapabilities
[38;5;112m[Appium][0m Attempting to find matching driver for automationName 'UiAutomator2' and platformName 'ANDROID'
[38;5;112m[Appium][0m The 'uiautomator2' driver was installed and matched caps.
[38;5;112m[Appium][0m Will require it at /Users/bionsrevamp/.appium/node_modules/appium-uiautomator2-driver
[38;5;141m[AppiumDriver@210f][0m Appium v3.2.2 creating new AndroidUiautomator2Driver (v8.5.0) session
[38;5;141m[AppiumDriver@210f][0m Checking BaseDriver versions for Appium and AndroidUiautomator2Driver
[38;5;141m[AppiumDriver@210f][0m Appium's BaseDriver version is 10.2.2
[38;5;141m[AppiumDriver@210f][0m AndroidUiautomator2Driver's BaseDriver version is 10.2.2
[38;5;-195m[AndroidUiautomator2Driver@b727][0m The following provided capabilities were not recognized by this driver:
[38;5;-195m[AndroidUiautomator2Driver@b727][0m   deviceId
[38;5;-195m[AndroidUiautomator2Driver@b727][0m   remoteServerURL
[38;5;212m[8e58e9cc][0m[38;5;-195m[AndroidUiautomator2Driver@b727][0m Session created with session id: 8e58e9cc-5032-4a9c-8161-81e8228af9bf
[38;5;212m[8e58e9cc][0m[38;5;229m[ADB][0m Found 1 'build-tools' folders under '/Users/bionsrevamp/.katalon/tools/android_sdk' (newest first):
[38;5;212m[8e58e9cc][0m[38;5;229m[ADB][0m     /Users/bionsrevamp/.katalon/tools/android_sdk/build-tools/29.0.3
[38;5;212m[8e58e9cc][0m[38;5;229m[ADB][0m Using 'adb' from '/Users/bionsrevamp/.katalon/tools/android_sdk/platform-tools/adb'
[38;5;212m[8e58e9cc][0m[38;5;-195m[AndroidUiautomator2Driver@b727][0m Retrieving device list
[38;5;212m[8e58e9cc][0m[38;5;-195m[AndroidUiautomator2Driver@b727][0m Using device: c965b1b0
[38;5;212m[8e58e9cc][0m[38;5;229m[ADB][0m Using 'adb' from '/Users/bionsrevamp/.katalon/tools/android_sdk/platform-tools/adb'
[38;5;212m[8e58e9cc][0m[38;5;-195m[AndroidUiautomator2Driver@b727][0m Starting 'id.bions.bnis.android.new_bions_revamp' directly on the device
[38;5;212m[8e58e9cc][0m[38;5;229m[ADB][0m Getting device platform version
[38;5;212m[8e58e9cc][0m[38;5;-195m[AndroidUiautomator2Driver@b727][0m Relaxing hidden api policy
[38;5;212m[8e58e9cc][0m[38;5;229m[ADB][0m Using 'aapt2' from '/Users/bionsrevamp/.katalon/tools/android_sdk/build-tools/29.0.3/aapt2'
[38;5;212m[8e58e9cc][0m[38;5;-195m[AndroidUiautomator2Driver@b727][0m Server packages are not going to be (re)installed
[38;5;212m[8e58e9cc][0m[38;5;229m[ADB][0m Adding packages ["io.appium.settings","io.appium.uiautomator2.server","io.appium.uiautomator2.server.test"] to Doze whitelist
[38;5;212m[8e58e9cc][0m[38;5;-195m[AndroidUiautomator2Driver@b727][0m Starting UIAutomator2 server 10.6.2
[38;5;212m[8e58e9cc][0m[38;5;-195m[AndroidUiautomator2Driver@b727][0m Using UIAutomator2 server from '/Users/bionsrevamp/.appium/node_modules/appium-uiautomator2-driver/node_modules/appium-uiautomator2-server/apks/appium-uiautomator2-server-v10.6.2.apk' and test from '/Users/bionsrevamp/.appium/node_modules/appium-uiautomator2-driver/node_modules/appium-uiautomator2-server/apks/appium-uiautomator2-server-debug-androidTest.apk'
[38;5;212m[8e58e9cc][0m[38;5;-195m[AndroidUiautomator2Driver@b727][0m Waiting up to 20000ms for UiAutomator2 to be online...
[38;5;212m[8e58e9cc][0m[38;5;-195m[AndroidUiautomator2Driver@b727][0m socket hang up
[38;5;212m[8e58e9cc][0m[38;5;-195m[AndroidUiautomator2Driver@b727][0m Determined the downstream protocol as 'W3C'
[38;5;212m[8e58e9cc][0m[38;5;-195m[AndroidUiautomator2Driver@b727][0m Screen already unlocked, doing nothing
[38;5;212m[8e58e9cc][0m[38;5;-195m[AndroidUiautomator2Driver@b727][0m Starting 'id.bions.bnis.android.new_bions_revamp/.MainActivityand waiting for 'id.bions.bnis.android.new_bions_revamp/.MainActivity'
[38;5;212m[8e58e9cc][0m[38;5;-195m[AndroidUiautomator2Driver@b727][0m 'id.bions.bnis.android.new_bions_revamp' is already running and noReset is enabled. Set forceAppLaunch capability to true if the app must be forcefully restarted on session startup.
[38;5;212m[8e58e9cc][0m[38;5;141m[AppiumDriver@210f][0m New AndroidUiautomator2Driver session created successfully, session 8e58e9cc-5032-4a9c-8161-81e8228af9bf added to master session list
[38;5;212m[8e58e9cc][0m[38;5;86m[HTTP][0m [37m<-- POST /wd/hub/session [39m[32m200[39m [90m2575 ms - 1605[39m
[38;5;86m[HTTP][0m [37m-->[39m [37mGET[39m [37m/status[39m [90m[39m
[38;5;86m[HTTP][0m [37m<-- GET /status [39m[33m404[39m [90m3 ms - 2488[39m
[38;5;212m[8e58e9cc][0m[38;5;86m[HTTP][0m [37m-->[39m [37mPOST[39m [37m/wd/hub/session/8e58e9cc-5032-4a9c-8161-81e8228af9bf/timeouts[39m [90m{"implicit":60000}[39m
[38;5;212m[8e58e9cc][0m[38;5;86m[HTTP][0m [37m<-- POST /wd/hub/session/8e58e9cc-5032-4a9c-8161-81e8228af9bf/timeouts [39m[32m200[39m [90m1 ms - 14[39m
[38;5;212m[8e58e9cc][0m[38;5;86m[HTTP][0m [37m-->[39m [37mPOST[39m [37m/wd/hub/session/8e58e9cc-5032-4a9c-8161-81e8228af9bf/execute/sync[39m [90m{"script":"mobile: getSystemBars","args":[]}[39m
[38;5;212m[8e58e9cc][0m[38;5;86m[HTTP][0m [37m<-- POST /wd/hub/session/8e58e9cc-5032-4a9c-8161-81e8228af9bf/execute/sync [39m[32m200[39m [90m67 ms - 152[39m
[38;5;212m[8e58e9cc][0m[38;5;86m[HTTP][0m [37m-->[39m [37mPOST[39m [37m/wd/hub/session/8e58e9cc-5032-4a9c-8161-81e8228af9bf/execute/sync[39m [90m{"script":"mobile: activateApp","args":[{"appId":"id.bions.bnis.android.new_bions_revamp","bundleId":"id.bions.bnis.android.new_bions_revamp"}]}[39m
[38;5;212m[8e58e9cc][0m[38;5;123m[BaseDriver][0m The following arguments are not known and will be ignored: bundleId
[38;5;212m[8e58e9cc][0m[38;5;86m[HTTP][0m [37m<-- POST /wd/hub/session/8e58e9cc-5032-4a9c-8161-81e8228af9bf/execute/sync [39m[32m200[39m [90m155 ms - 14[39m
[38;5;212m[8e58e9cc][0m[38;5;86m[HTTP][0m [37m-->[39m [37mGET[39m [37m/wd/hub/session/8e58e9cc-5032-4a9c-8161-81e8228af9bf/source[39m [90m[39m
[38;5;212m[8e58e9cc][0m[38;5;-195m[AndroidUiautomator2Driver@b727][0m Driver proxy active, passing request on via HTTP proxy
[38;5;212m[8e58e9cc][0m[38;5;-195m[AndroidUiautomator2Driver@b727][0m Replacing sessionId 2a07708f-71c6-4b3d-ba39-073690614224 with 8e58e9cc-5032-4a9c-8161-81e8228af9bf
[38;5;212m[8e58e9cc][0m[38;5;86m[HTTP][0m [37m<-- GET /wd/hub/session/8e58e9cc-5032-4a9c-8161-81e8228af9bf/source [39m[32m200[39m [90m120 ms - 41425[39m
[38;5;212m[8e58e9cc][0m[38;5;86m[HTTP][0m [37m-->[39m [37mGET[39m [37m/wd/hub/session/8e58e9cc-5032-4a9c-8161-81e8228af9bf/screenshot[39m [90m[39m
[38;5;212m[8e58e9cc][0m[38;5;86m[HTTP][0m [37m<-- GET /wd/hub/session/8e58e9cc-5032-4a9c-8161-81e8228af9bf/screenshot [39m[32m200[39m [90m475 ms - 369952[39m
[38;5;212m[8e58e9cc][0m[38;5;86m[HTTP][0m [37m-->[39m [37mGET[39m [37m/wd/hub/session/8e58e9cc-5032-4a9c-8161-81e8228af9bf/timeouts[39m [90m[39m
[38;5;212m[8e58e9cc][0m[38;5;86m[HTTP][0m [37m<-- GET /wd/hub/session/8e58e9cc-5032-4a9c-8161-81e8228af9bf/timeouts [39m[32m200[39m [90m1 ms - 46[39m
[38;5;212m[8e58e9cc][0m[38;5;86m[HTTP][0m [37m-->[39m [37mPOST[39m [37m/wd/hub/session/8e58e9cc-5032-4a9c-8161-81e8228af9bf/timeouts[39m [90m{"implicit":0}[39m
[38;5;212m[8e58e9cc][0m[38;5;86m[HTTP][0m [37m<-- POST /wd/hub/session/8e58e9cc-5032-4a9c-8161-81e8228af9bf/timeouts [39m[32m200[39m [90m1 ms - 14[39m
[38;5;212m[8e58e9cc][0m[38;5;86m[HTTP][0m [37m-->[39m [37mPOST[39m [37m/wd/hub/session/8e58e9cc-5032-4a9c-8161-81e8228af9bf/elements[39m [90m{"using":"xpath","value":"//*[@class = 'android.widget.Button' and (@text = '' or . = '')]"}[39m
[38;5;212m[8e58e9cc][0m[38;5;86m[HTTP][0m [37m<-- POST /wd/hub/session/8e58e9cc-5032-4a9c-8161-81e8228af9bf/elements [39m[32m200[39m [90m353 ms - 267[39m
[38;5;212m[8e58e9cc][0m[38;5;86m[HTTP][0m [37m-->[39m [37mPOST[39m [37m/wd/hub/session/8e58e9cc-5032-4a9c-8161-81e8228af9bf/timeouts[39m [90m{"implicit":60000}[39m
[38;5;212m[8e58e9cc][0m[38;5;86m[HTTP][0m [37m<-- POST /wd/hub/session/8e58e9cc-5032-4a9c-8161-81e8228af9bf/timeouts [39m[32m200[39m [90m1 ms - 14[39m
[38;5;212m[8e58e9cc][0m[38;5;86m[HTTP][0m [37m-->[39m [37mGET[39m [37m/wd/hub/session/8e58e9cc-5032-4a9c-8161-81e8228af9bf/element/00000000-0000-0856-0000-011400000004/rect[39m [90m[39m
[38;5;212m[8e58e9cc][0m[38;5;-195m[AndroidUiautomator2Driver@b727][0m Driver proxy active, passing request on via HTTP proxy
[38;5;212m[8e58e9cc][0m[38;5;-195m[AndroidUiautomator2Driver@b727][0m Replacing sessionId 2a07708f-71c6-4b3d-ba39-073690614224 with 8e58e9cc-5032-4a9c-8161-81e8228af9bf
[38;5;212m[8e58e9cc][0m[38;5;86m[HTTP][0m [37m<-- GET /wd/hub/session/8e58e9cc-5032-4a9c-8161-81e8228af9bf/element/00000000-0000-0856-0000-011400000004/rect [39m[32m200[39m [90m23 ms - 52[39m
[38;5;212m[8e58e9cc][0m[38;5;86m[HTTP][0m [37m-->[39m [37mGET[39m [37m/wd/hub/session/8e58e9cc-5032-4a9c-8161-81e8228af9bf/element/00000000-0000-0856-0000-011400000004/rect[39m [90m[39m
[38;5;212m[8e58e9cc][0m[38;5;-195m[AndroidUiautomator2Driver@b727][0m Driver proxy active, passing request on via HTTP proxy
[38;5;212m[8e58e9cc][0m[38;5;-195m[AndroidUiautomator2Driver@b727][0m Replacing sessionId 2a07708f-71c6-4b3d-ba39-073690614224 with 8e58e9cc-5032-4a9c-8161-81e8228af9bf
[38;5;212m[8e58e9cc][0m[38;5;86m[HTTP][0m [37m<-- GET /wd/hub/session/8e58e9cc-5032-4a9c-8161-81e8228af9bf/element/00000000-0000-0856-0000-011400000004/rect [39m[32m200[39m [90m28 ms - 52[39m
[38;5;212m[8e58e9cc][0m[38;5;86m[HTTP][0m [37m-->[39m [37mGET[39m [37m/wd/hub/session/8e58e9cc-5032-4a9c-8161-81e8228af9bf/element/00000000-0000-0856-0000-010800000004/rect[39m [90m[39m
[38;5;212m[8e58e9cc][0m[38;5;-195m[AndroidUiautomator2Driver@b727][0m Driver proxy active, passing request on via HTTP proxy
[38;5;212m[8e58e9cc][0m[38;5;-195m[AndroidUiautomator2Driver@b727][0m Replacing sessionId 2a07708f-71c6-4b3d-ba39-073690614224 with 8e58e9cc-5032-4a9c-8161-81e8228af9bf
[38;5;212m[8e58e9cc][0m[38;5;86m[HTTP][0m [37m<-- GET /wd/hub/session/8e58e9cc-5032-4a9c-8161-81e8228af9bf/element/00000000-0000-0856-0000-010800000004/rect [39m[32m200[39m [90m35 ms - 53[39m
[38;5;212m[8e58e9cc][0m[38;5;86m[HTTP][0m [37m-->[39m [37mGET[39m [37m/wd/hub/session/8e58e9cc-5032-4a9c-8161-81e8228af9bf/element/00000000-0000-0856-0000-010800000004/rect[39m [90m[39m
[38;5;212m[8e58e9cc][0m[38;5;-195m[AndroidUiautomator2Driver@b727][0m Driver proxy active, passing request on via HTTP proxy
[38;5;212m[8e58e9cc][0m[38;5;-195m[AndroidUiautomator2Driver@b727][0m Replacing sessionId 2a07708f-71c6-4b3d-ba39-073690614224 with 8e58e9cc-5032-4a9c-8161-81e8228af9bf
[38;5;212m[8e58e9cc][0m[38;5;86m[HTTP][0m [37m<-- GET /wd/hub/session/8e58e9cc-5032-4a9c-8161-81e8228af9bf/element/00000000-0000-0856-0000-010800000004/rect [39m[32m200[39m [90m28 ms - 53[39m
[38;5;212m[8e58e9cc][0m[38;5;86m[HTTP][0m [37m-->[39m [37mGET[39m [37m/wd/hub/session/8e58e9cc-5032-4a9c-8161-81e8228af9bf/timeouts[39m [90m[39m
[38;5;212m[8e58e9cc][0m[38;5;86m[HTTP][0m [37m<-- GET /wd/hub/session/8e58e9cc-5032-4a9c-8161-81e8228af9bf/timeouts [39m[32m200[39m [90m4 ms - 46[39m
[38;5;212m[8e58e9cc][0m[38;5;86m[HTTP][0m [37m-->[39m [37mPOST[39m [37m/wd/hub/session/8e58e9cc-5032-4a9c-8161-81e8228af9bf/timeouts[39m [90m{"implicit":0}[39m
[38;5;212m[8e58e9cc][0m[38;5;86m[HTTP][0m [37m<-- POST /wd/hub/session/8e58e9cc-5032-4a9c-8161-81e8228af9bf/timeouts [39m[32m200[39m [90m1 ms - 14[39m
[38;5;212m[8e58e9cc][0m[38;5;86m[HTTP][0m [37m-->[39m [37mPOST[39m [37m/wd/hub/session/8e58e9cc-5032-4a9c-8161-81e8228af9bf/elements[39m [90m{"using":"xpath","value":"(//*[@class = 'android.widget.Button' and (@text = '' or . = '')])[2]"}[39m
[38;5;212m[8e58e9cc][0m[38;5;86m[HTTP][0m [37m<-- POST /wd/hub/session/8e58e9cc-5032-4a9c-8161-81e8228af9bf/elements [39m[32m200[39m [90m224 ms - 139[39m
[38;5;212m[8e58e9cc][0m[38;5;86m[HTTP][0m [37m-->[39m [37mPOST[39m [37m/wd/hub/session/8e58e9cc-5032-4a9c-8161-81e8228af9bf/timeouts[39m [90m{"implicit":60000}[39m
[38;5;212m[8e58e9cc][0m[38;5;86m[HTTP][0m [37m<-- POST /wd/hub/session/8e58e9cc-5032-4a9c-8161-81e8228af9bf/timeouts [39m[32m200[39m [90m1 ms - 14[39m
[38;5;212m[8e58e9cc][0m[38;5;86m[HTTP][0m [37m-->[39m [37mGET[39m [37m/wd/hub/session/8e58e9cc-5032-4a9c-8161-81e8228af9bf/element/00000000-0000-0856-0000-010800000004/rect[39m [90m[39m
[38;5;212m[8e58e9cc][0m[38;5;-195m[AndroidUiautomator2Driver@b727][0m Driver proxy active, passing request on via HTTP proxy
[38;5;212m[8e58e9cc][0m[38;5;-195m[AndroidUiautomator2Driver@b727][0m Replacing sessionId 2a07708f-71c6-4b3d-ba39-073690614224 with 8e58e9cc-5032-4a9c-8161-81e8228af9bf
[38;5;212m[8e58e9cc][0m[38;5;86m[HTTP][0m [37m<-- GET /wd/hub/session/8e58e9cc-5032-4a9c-8161-81e8228af9bf/element/00000000-0000-0856-0000-010800000004/rect [39m[32m200[39m [90m18 ms - 53[39m
[38;5;212m[8e58e9cc][0m[38;5;86m[HTTP][0m [37m-->[39m [37mGET[39m [37m/wd/hub/session/8e58e9cc-5032-4a9c-8161-81e8228af9bf/element/00000000-0000-0856-0000-010800000004/rect[39m [90m[39m
[38;5;212m[8e58e9cc][0m[38;5;-195m[AndroidUiautomator2Driver@b727][0m Driver proxy active, passing request on via HTTP proxy
[38;5;212m[8e58e9cc][0m[38;5;-195m[AndroidUiautomator2Driver@b727][0m Replacing sessionId 2a07708f-71c6-4b3d-ba39-073690614224 with 8e58e9cc-5032-4a9c-8161-81e8228af9bf
[38;5;212m[8e58e9cc][0m[38;5;86m[HTTP][0m [37m<-- GET /wd/hub/session/8e58e9cc-5032-4a9c-8161-81e8228af9bf/element/00000000-0000-0856-0000-010800000004/rect [39m[32m200[39m [90m33 ms - 53[39m
[38;5;212m[8e58e9cc][0m[38;5;86m[HTTP][0m [37m-->[39m [37mDELETE[39m [37m/wd/hub/session/8e58e9cc-5032-4a9c-8161-81e8228af9bf[39m [90m[39m
[38;5;212m[8e58e9cc][0m[38;5;141m[AppiumDriver@210f][0m Removing session 8e58e9cc-5032-4a9c-8161-81e8228af9bf from our master session list
[38;5;212m[8e58e9cc][0m[38;5;-195m[AndroidUiautomator2Driver@b727][0m Restoring hidden api policy to the device default configuration
[38;5;212m[8e58e9cc][0m[38;5;86m[HTTP][0m [37m<-- DELETE /wd/hub/session/8e58e9cc-5032-4a9c-8161-81e8228af9bf [39m[32m200[39m [90m730 ms - 14[39m
[38;5;112m[Appium][0m Received SIGTERM - shutting down
[38;5;86m[HTTP][0m Closing Appium HTTP server
[38;5;86m[HTTP][0m Appium HTTP server has been successfully closed after 1ms
